// Vitest Snapshot v1, https://vitest.dev/guide/snapshot.html

exports[`mergeGroupChatUpdates > snapshot of a full merge 1`] = `
[
  {
    "blobReference": {
      "blobId": 123n,
      "canisterId": "a",
    },
    "dateLastPinned": 55n,
    "dateReadPinned": 77n,
    "description": "desc",
    "eventsTTL": 1000n,
    "eventsTtlLastUpdated": 20n,
    "frozen": true,
    "gateConfig": {
      "expiry": undefined,
      "gate": {
        "kind": "no_gate",
      },
    },
    "historyVisible": true,
    "id": {
      "groupId": "a",
      "kind": "group_chat",
    },
    "isInvited": false,
    "kind": "group_chat",
    "lastUpdated": 10n,
    "latestEventIndex": 6,
    "latestMessage": {
      "event": {
        "blockLevelMarkdown": false,
        "content": {
          "kind": "text_content",
          "text": "m6",
        },
        "deleted": false,
        "edited": false,
        "forwarded": false,
        "kind": "message",
        "messageId": 6n,
        "messageIndex": 6,
        "messagePreviews": [],
        "ogPreviews": [],
        "reactions": [],
        "sender": "u1",
        "tips": {},
      },
      "index": 6,
      "timestamp": 1700000000006n,
    },
    "latestMessageIndex": 6,
    "level": "group",
    "localUserIndex": "lui",
    "memberCount": 4,
    "membership": {
      "archived": true,
      "atEveryoneMuted": false,
      "joined": 0n,
      "lapsed": false,
      "latestThreads": [
        {
          "lastUpdated": 1n,
          "latestEventIndex": 3,
          "latestMessageIndex": 3,
          "readUpTo": 2,
          "threadRootMessageIndex": 1,
        },
        {
          "lastUpdated": 1n,
          "latestEventIndex": 3,
          "latestMessageIndex": 3,
          "threadRootMessageIndex": 2,
        },
      ],
      "mentions": [
        {
          "eventIndex": 6,
          "messageId": 6n,
          "messageIndex": 6,
        },
        {
          "eventIndex": 1,
          "messageId": 1n,
          "messageIndex": 1,
        },
      ],
      "myMetrics": {
        "audioMessages": 0,
        "cryptoMessages": 0,
        "deletedMessages": 0,
        "edits": 0,
        "fileMessages": 0,
        "giphyMessages": 0,
        "imageMessages": 0,
        "pollVotes": 0,
        "polls": 0,
        "reactions": 0,
        "replies": 0,
        "reportedMessages": 0,
        "textMessages": 0,
        "videoMessages": 0,
      },
      "notificationsMuted": true,
      "readByMeUpTo": 4,
      "role": 3,
      "rulesAccepted": false,
    },
    "messagesVisibleToNonMembers": false,
    "metrics": {
      "audioMessages": 0,
      "cryptoMessages": 0,
      "deletedMessages": 0,
      "edits": 0,
      "fileMessages": 0,
      "giphyMessages": 0,
      "imageMessages": 0,
      "pollVotes": 0,
      "polls": 0,
      "reactions": 0,
      "replies": 0,
      "reportedMessages": 0,
      "textMessages": 0,
      "videoMessages": 0,
    },
    "minVisibleEventIndex": 0,
    "minVisibleMessageIndex": 0,
    "moderationFlags": 0,
    "name": "A2",
    "permissions": {
      "addMembers": 3,
      "changeRoles": 3,
      "deleteMessages": 3,
      "inviteUsers": 3,
      "mentionAllMembers": 1,
      "messagePermissions": {
        "default": 1,
      },
      "pinMessages": 3,
      "reactToMessages": 1,
      "removeMembers": 3,
      "startVideoCall": 3,
      "threadPermissions": undefined,
      "updateGroup": 3,
    },
    "previewed": false,
    "public": true,
    "subtype": undefined,
    "verified": false,
    "videoCallInProgress": undefined,
  },
  {
    "dateLastPinned": undefined,
    "dateReadPinned": undefined,
    "description": "",
    "eventsTTL": undefined,
    "eventsTtlLastUpdated": 0n,
    "frozen": false,
    "gateConfig": {
      "expiry": undefined,
      "gate": {
        "kind": "no_gate",
      },
    },
    "historyVisible": true,
    "id": {
      "groupId": "b",
      "kind": "group_chat",
    },
    "isInvited": false,
    "kind": "group_chat",
    "lastUpdated": 0n,
    "latestEventIndex": 5,
    "latestMessage": {
      "event": {
        "blockLevelMarkdown": false,
        "content": {
          "kind": "text_content",
          "text": "m5",
        },
        "deleted": false,
        "edited": false,
        "forwarded": false,
        "kind": "message",
        "messageId": 5n,
        "messageIndex": 5,
        "messagePreviews": [],
        "ogPreviews": [],
        "reactions": [],
        "sender": "u1",
        "tips": {},
      },
      "index": 5,
      "timestamp": 1700000000005n,
    },
    "latestMessageIndex": 5,
    "level": "group",
    "localUserIndex": "lui",
    "memberCount": 3,
    "membership": {
      "archived": false,
      "atEveryoneMuted": false,
      "joined": 0n,
      "lapsed": false,
      "latestThreads": [
        {
          "lastUpdated": 1n,
          "latestEventIndex": 3,
          "latestMessageIndex": 3,
          "readUpTo": 2,
          "threadRootMessageIndex": 1,
        },
        {
          "lastUpdated": 1n,
          "latestEventIndex": 3,
          "latestMessageIndex": 3,
          "threadRootMessageIndex": 2,
        },
      ],
      "mentions": [
        {
          "eventIndex": 1,
          "messageId": 1n,
          "messageIndex": 1,
        },
      ],
      "myMetrics": {
        "audioMessages": 0,
        "cryptoMessages": 0,
        "deletedMessages": 0,
        "edits": 0,
        "fileMessages": 0,
        "giphyMessages": 0,
        "imageMessages": 0,
        "pollVotes": 0,
        "polls": 0,
        "reactions": 0,
        "replies": 0,
        "reportedMessages": 0,
        "textMessages": 0,
        "videoMessages": 0,
      },
      "notificationsMuted": false,
      "readByMeUpTo": 3,
      "role": 1,
      "rulesAccepted": true,
    },
    "messagesVisibleToNonMembers": false,
    "metrics": {
      "audioMessages": 0,
      "cryptoMessages": 0,
      "deletedMessages": 0,
      "edits": 0,
      "fileMessages": 0,
      "giphyMessages": 0,
      "imageMessages": 0,
      "pollVotes": 0,
      "polls": 0,
      "reactions": 0,
      "replies": 0,
      "reportedMessages": 0,
      "textMessages": 0,
      "videoMessages": 0,
    },
    "minVisibleEventIndex": 0,
    "minVisibleMessageIndex": 0,
    "name": "b",
    "permissions": {
      "addMembers": 3,
      "changeRoles": 3,
      "deleteMessages": 3,
      "inviteUsers": 3,
      "mentionAllMembers": 1,
      "messagePermissions": {
        "default": 1,
      },
      "pinMessages": 3,
      "reactToMessages": 1,
      "removeMembers": 3,
      "startVideoCall": 3,
      "threadPermissions": undefined,
      "updateGroup": 3,
    },
    "previewed": false,
    "public": true,
    "subtype": undefined,
    "verified": false,
  },
]
`;
